Running Sphinx v9.1.0
loading translations [en]... done
myst v5.1.0: MdParserConfig(commonmark_only=False, gfm_only=False, enable_extensions=set(), disable_syntax=[], all_links_external=False, links_external_new_tab=False, url_schemes=('http', 'https', 'mailto', 'ftp'), ref_domains=None, fence_as_directive=set(), number_code_blocks=[], title_to_header=False, heading_anchors=0, heading_slug_func=None, html_meta={}, footnote_sort=True, footnote_transition=True, words_per_minute=200, substitutions={}, linkify_fuzzy_links=True, dmath_allow_labels=True, dmath_allow_space=True, dmath_allow_digits=True, dmath_double_inline=False, update_mathjax=True, mathjax_classes='tex2jax_process|mathjax_process|math|output_area', enable_checkboxes=False, strikethrough_single_tilde=False, colon_fence_exact_match=False, suppress_warnings=[], highlight_code_blocks=True)
[Autodoc2] Analysing package...[  1%] causalis._version
[Autodoc2] Analysing package...[  1%] causalis.__init__
[Autodoc2] Analysing package...[  2%] causalis.dgp.rct_causal_data
[Autodoc2] Analysing package...[  3%] causalis.dgp.__init__
[Autodoc2] Analysing package...[  3%] causalis.dgp._gaussian_outcome
[Autodoc2] Analysing package...[  4%] causalis.dgp.base
[Autodoc2] Analysing package...[  5%] causalis.dgp._gaussian_joint
[Autodoc2] Analysing package...[  5%] causalis.dgp.panel_data_scm.__init__
[Autodoc2] Analysing package...[  6%] causalis.dgp.panel_data_scm.functional
[Autodoc2] Analysing package...[  7%] causalis.dgp.panel_data_scm.base
[Autodoc2] Analysing package...[  7%] causalis.dgp.causaldata.preperiod
[Autodoc2] Analysing package...[  8%] causalis.dgp.causaldata.__init__
[Autodoc2] Analysing package...[  9%] causalis.dgp.causaldata.functional
[Autodoc2] Analysing package...[ 10%] causalis.dgp.causaldata.base
[Autodoc2] Analysing package...[ 10%] causalis.dgp.multicausaldata.__init__
[Autodoc2] Analysing package...[ 11%] causalis.dgp.multicausaldata.functional
[Autodoc2] Analysing package...[ 12%] causalis.dgp.multicausaldata.base
[Autodoc2] Analysing package...[ 12%] causalis.dgp.panel_data_did.__init__
[Autodoc2] Analysing package...[ 13%] causalis.dgp.panel_data_did.functional
[Autodoc2] Analysing package...[ 14%] causalis.dgp.panel_data_did.base
[Autodoc2] Analysing package...[ 14%] causalis.dgp.causaldata_instrumental.__init__
[Autodoc2] Analysing package...[ 15%] causalis.dgp.causaldata_instrumental.functional
[Autodoc2] Analysing package...[ 16%] causalis.dgp.causaldata_instrumental.base
[Autodoc2] Analysing package...[ 16%] causalis.shared.outcome_outliers
[Autodoc2] Analysing package...[ 17%] causalis.shared.confounders_balance
[Autodoc2] Analysing package...[ 18%] causalis.shared.outcome_plots
[Autodoc2] Analysing package...[ 18%] causalis.shared.outcome_stats
[Autodoc2] Analysing package...[ 19%] causalis.shared.__init__
[Autodoc2] Analysing package...[ 20%] causalis.shared.confounder_clustering
[Autodoc2] Analysing package...[ 20%] causalis.shared.sutva_validation
[Autodoc2] Analysing package...[ 21%] causalis.shared.srm
[Autodoc2] Analysing package...[ 22%] causalis.shared.rct_design.design
[Autodoc2] Analysing package...[ 22%] causalis.shared.rct_design.__init__
[Autodoc2] Analysing package...[ 23%] causalis.shared.rct_design.split
[Autodoc2] Analysing package...[ 24%] causalis.scenarios.__init__
[Autodoc2] Analysing package...[ 24%] causalis.scenarios._fit_state
[Autodoc2] Analysing package...[ 25%] causalis.scenarios._orthogonal
[Autodoc2] Analysing package...[ 26%] causalis.scenarios._numerics
[Autodoc2] Analysing package...[ 27%] causalis.scenarios._prediction
[Autodoc2] Analysing package...[ 27%] causalis.scenarios.did.dgp
[Autodoc2] Analysing package...[ 28%] causalis.scenarios.did.__init__
[Autodoc2] Analysing package...[ 29%] causalis.scenarios.did.model
[Autodoc2] Analysing package...[ 29%] causalis.scenarios.did.refutation.post_inference_plots
[Autodoc2] Analysing package...[ 30%] causalis.scenarios.did.refutation.diagnostics
[Autodoc2] Analysing package...[ 31%] causalis.scenarios.did.refutation.__init__
[Autodoc2] Analysing package...[ 31%] causalis.scenarios.did.refutation.diagnostic_plots
[Autodoc2] Analysing package...[ 32%] causalis.scenarios.did.refutation.post_inference
[Autodoc2] Analysing package...[ 33%] causalis.scenarios.cuped.dgp
[Autodoc2] Analysing package...[ 33%] causalis.scenarios.cuped.__init__
[Autodoc2] Analysing package...[ 34%] causalis.scenarios.cuped.model
[Autodoc2] Analysing package...[ 35%] causalis.scenarios.cuped._ols
[Autodoc2] Analysing package...[ 35%] causalis.scenarios.cuped.refutation.regression_checks
[Autodoc2] Analysing package...[ 36%] causalis.scenarios.cuped.refutation.config
[Autodoc2] Analysing package...[ 37%] causalis.scenarios.cuped.refutation.__init__
[Autodoc2] Analysing package...[ 37%] causalis.scenarios.cuped.refutation.forest_plot
[Autodoc2] Analysing package...[ 38%] causalis.scenarios.classic_rct.dgp
[Autodoc2] Analysing package...[ 39%] causalis.scenarios.classic_rct.__init__
[Autodoc2] Analysing package...[ 39%] causalis.scenarios.classic_rct.model
[Autodoc2] Analysing package...[ 40%] causalis.scenarios.classic_rct.inference.ttest
[Autodoc2] Analysing package...[ 41%] causalis.scenarios.classic_rct.inference.__init__
[Autodoc2] Analysing package...[ 41%] causalis.scenarios.classic_rct.inference.welch_permutation_t_test
[Autodoc2] Analysing package...[ 42%] causalis.scenarios.classic_rct.inference.conversion_ztest
[Autodoc2] Analysing package...[ 43%] causalis.scenarios.synthetic_control.dgp
[Autodoc2] Analysing package...[ 44%] causalis.scenarios.synthetic_control.__init__
[Autodoc2] Analysing package...[ 44%] causalis.scenarios.synthetic_control.model
[Autodoc2] Analysing package...[ 45%] causalis.scenarios.synthetic_control._utils
[Autodoc2] Analysing package...[ 46%] causalis.scenarios.synthetic_control.refutation.__init__
[Autodoc2] Analysing package...[ 46%] causalis.scenarios.synthetic_control.refutation.sensitivity
[Autodoc2] Analysing package...[ 47%] causalis.scenarios.synthetic_control.refutation.donors_diagnostics
[Autodoc2] Analysing package...[ 48%] causalis.scenarios.synthetic_control.refutation.scm_diagnostics
[Autodoc2] Analysing package...[ 48%] causalis.scenarios.synthetic_control.refutation.placebo
[Autodoc2] Analysing package...[ 49%] causalis.scenarios.synthetic_control.refutation.diagnostic_plots
[Autodoc2] Analysing package...[ 50%] causalis.scenarios.synthetic_control.refutation.outcome_panel_plot
[Autodoc2] Analysing package...[ 50%] causalis.scenarios.unconfoundedness.dgp
[Autodoc2] Analysing package...[ 51%] causalis.scenarios.unconfoundedness.__init__
[Autodoc2] Analysing package...[ 52%] causalis.scenarios.unconfoundedness.model
[Autodoc2] Analysing package...[ 52%] causalis.scenarios.unconfoundedness._cluster
[Autodoc2] Analysing package...[ 53%] causalis.scenarios.unconfoundedness._diagnostic_utils
[Autodoc2] Analysing package...[ 54%] causalis.scenarios.unconfoundedness._repeated
[Autodoc2] Analysing package...[ 54%] causalis.scenarios.unconfoundedness._external_oof
[Autodoc2] Analysing package...[ 55%] causalis.scenarios.unconfoundedness._score_utils
[Autodoc2] Analysing package...[ 56%] causalis.scenarios.unconfoundedness._utils
[Autodoc2] Analysing package...[ 56%] causalis.scenarios.unconfoundedness.refutation.__init__
[Autodoc2] Analysing package...[ 57%] causalis.scenarios.unconfoundedness.refutation._shared
[Autodoc2] Analysing package...[ 58%] causalis.scenarios.unconfoundedness.refutation.unconfoundedness.unconfoundedness_validation
[Autodoc2] Analysing package...[ 59%] causalis.scenarios.unconfoundedness.refutation.unconfoundedness.__init__
[Autodoc2] Analysing package...[ 59%] causalis.scenarios.unconfoundedness.refutation.unconfoundedness.sensitivity
[Autodoc2] Analysing package...[ 60%] causalis.scenarios.unconfoundedness.refutation.unconfoundedness.love_plot
[Autodoc2] Analysing package...[ 61%] causalis.scenarios.unconfoundedness.refutation.score.score_validation
[Autodoc2] Analysing package...[ 61%] causalis.scenarios.unconfoundedness.refutation.score.influence_plot
[Autodoc2] Analysing package...[ 62%] causalis.scenarios.unconfoundedness.refutation.score.__init__
[Autodoc2] Analysing package...[ 63%] causalis.scenarios.unconfoundedness.refutation.score.residual_plots
[Autodoc2] Analysing package...[ 63%] causalis.scenarios.unconfoundedness.refutation.overlap.overlap_validation
[Autodoc2] Analysing package...[ 64%] causalis.scenarios.unconfoundedness.refutation.overlap.feature_importance_plot
[Autodoc2] Analysing package...[ 65%] causalis.scenarios.unconfoundedness.refutation.overlap.overlap_plot
[Autodoc2] Analysing package...[ 65%] causalis.scenarios.unconfoundedness.refutation.overlap.__init__
[Autodoc2] Analysing package...[ 66%] causalis.scenarios.unconfoundedness.refutation.overlap.reliability_plot
[Autodoc2] Analysing package...[ 67%] causalis.scenarios.uplift.policy
[Autodoc2] Analysing package...[ 67%] causalis.scenarios.uplift.__init__
[Autodoc2] Analysing package...[ 68%] causalis.scenarios.uplift.model
[Autodoc2] Analysing package...[ 69%] causalis.scenarios.uplift.learners
[Autodoc2] Analysing package...[ 69%] causalis.scenarios.uplift.validation
[Autodoc2] Analysing package...[ 70%] causalis.scenarios.gate.gate_plot
[Autodoc2] Analysing package...[ 71%] causalis.scenarios.gate.__init__
[Autodoc2] Analysing package...[ 71%] causalis.scenarios.gate.model
[Autodoc2] Analysing package...[ 72%] causalis.scenarios.iv.dgp
[Autodoc2] Analysing package...[ 73%] causalis.scenarios.iv.__init__
[Autodoc2] Analysing package...[ 73%] causalis.scenarios.iv.model
[Autodoc2] Analysing package...[ 74%] causalis.scenarios.iv.refutation.diagnostics
[Autodoc2] Analysing package...[ 75%] causalis.scenarios.iv.refutation.__init__
[Autodoc2] Analysing package...[ 76%] causalis.scenarios.iv.refutation.iv_confounders_balance
[Autodoc2] Analysing package...[ 76%] causalis.scenarios.multi_unconfoundedness.dgp
[Autodoc2] Analysing package...[ 77%] causalis.scenarios.multi_unconfoundedness.__init__
[Autodoc2] Analysing package...[ 78%] causalis.scenarios.multi_unconfoundedness.model
[Autodoc2] Analysing package...[ 78%] causalis.scenarios.multi_unconfoundedness._utils
[Autodoc2] Analysing package...[ 79%] causalis.scenarios.multi_unconfoundedness.refutation.__init__
[Autodoc2] Analysing package...[ 80%] causalis.scenarios.multi_unconfoundedness.refutation.unconfoundedness.unconfoundedness_validation
[Autodoc2] Analysing package...[ 80%] causalis.scenarios.multi_unconfoundedness.refutation.unconfoundedness.__init__
[Autodoc2] Analysing package...[ 81%] causalis.scenarios.multi_unconfoundedness.refutation.unconfoundedness.sensitivity
[Autodoc2] Analysing package...[ 82%] causalis.scenarios.multi_unconfoundedness.refutation.score.score_validation
[Autodoc2] Analysing package...[ 82%] causalis.scenarios.multi_unconfoundedness.refutation.score.__init__
[Autodoc2] Analysing package...[ 83%] causalis.scenarios.multi_unconfoundedness.refutation.score.residual_plots
[Autodoc2] Analysing package...[ 84%] causalis.scenarios.multi_unconfoundedness.refutation.overlap.overlap_validation
[Autodoc2] Analysing package...[ 84%] causalis.scenarios.multi_unconfoundedness.refutation.overlap.overlap_plot
[Autodoc2] Analysing package...[ 85%] causalis.scenarios.multi_unconfoundedness.refutation.overlap.__init__
[Autodoc2] Analysing package...[ 86%] causalis.inference.__init__
[Autodoc2] Analysing package...[ 86%] causalis.inference.family
[Autodoc2] Analysing package...[ 87%] causalis.data_contracts.panel_did_estimate
[Autodoc2] Analysing package...[ 88%] causalis.data_contracts.gate_contrast_estimate
[Autodoc2] Analysing package...[ 88%] causalis.data_contracts._duplicate_columns
[Autodoc2] Analysing package...[ 89%] causalis.data_contracts.repeated_causal_estimate
[Autodoc2] Analysing package...[ 90%] causalis.data_contracts.sensitivity_analysis_result
[Autodoc2] Analysing package...[ 90%] causalis.data_contracts.causal_diagnostic_data
[Autodoc2] Analysing package...[ 91%] causalis.data_contracts.rct_causal_data
[Autodoc2] Analysing package...[ 92%] causalis.data_contracts.causal_estimate
[Autodoc2] Analysing package...[ 93%] causalis.data_contracts.panel_data_scm
[Autodoc2] Analysing package...[ 93%] causalis.data_contracts.__init__
[Autodoc2] Analysing package...[ 94%] causalis.data_contracts.panel_estimate
[Autodoc2] Analysing package...[ 95%] causalis.data_contracts.iv_causal_data
[Autodoc2] Analysing package...[ 95%] causalis.data_contracts._did_comparison_units
[Autodoc2] Analysing package...[ 96%] causalis.data_contracts.iv_causal_estimate
[Autodoc2] Analysing package...[ 97%] causalis.data_contracts.multicausal_estimate
[Autodoc2] Analysing package...[ 97%] causalis.data_contracts.rct_estimates
[Autodoc2] Analysing package...[ 98%] causalis.data_contracts.panel_data_did
[Autodoc2] Analysing package...[ 99%] causalis.data_contracts.causaldata
[Autodoc2] Analysing package...[ 99%] causalis.data_contracts.gate_estimate
[Autodoc2] Analysing package...[100%] causalis.data_contracts.multicausaldata

[Autodoc2] Determining files to write ...
[Autodoc2] Writing modules...[  1%] causalis
[Autodoc2] Writing modules...[  1%] causalis.data_contracts
[Autodoc2] Writing modules...[  2%] causalis.data_contracts.multicausaldata
[Autodoc2] Writing modules...[  3%] causalis.data_contracts.gate_estimate
[Autodoc2] Writing modules...[  3%] causalis.data_contracts.causaldata
[Autodoc2] Writing modules...[  4%] causalis.data_contracts.panel_data_did
[Autodoc2] Writing modules...[  5%] causalis.data_contracts.rct_estimates
[Autodoc2] Writing modules...[  5%] causalis.data_contracts.multicausal_estimate
[Autodoc2] Writing modules...[  6%] causalis.data_contracts.iv_causal_estimate
[Autodoc2] Writing modules...[  7%] causalis.data_contracts._did_comparison_units
[Autodoc2] Writing modules...[  7%] causalis.data_contracts.iv_causal_data
[Autodoc2] Writing modules...[  8%] causalis.data_contracts.panel_estimate
[Autodoc2] Writing modules...[  9%] causalis.data_contracts.panel_data_scm
[Autodoc2] Writing modules...[ 10%] causalis.data_contracts.causal_estimate
[Autodoc2] Writing modules...[ 10%] causalis.data_contracts.rct_causal_data
[Autodoc2] Writing modules...[ 11%] causalis.data_contracts.causal_diagnostic_data
[Autodoc2] Writing modules...[ 12%] causalis.data_contracts.sensitivity_analysis_result
[Autodoc2] Writing modules...[ 12%] causalis.data_contracts.repeated_causal_estimate
[Autodoc2] Writing modules...[ 13%] causalis.data_contracts._duplicate_columns
[Autodoc2] Writing modules...[ 14%] causalis.data_contracts.gate_contrast_estimate
[Autodoc2] Writing modules...[ 14%] causalis.data_contracts.panel_did_estimate
[Autodoc2] Writing modules...[ 15%] causalis.inference
[Autodoc2] Writing modules...[ 16%] causalis.inference.family
[Autodoc2] Writing modules...[ 16%] causalis.scenarios
[Autodoc2] Writing modules...[ 17%] causalis.scenarios.multi_unconfoundedness
[Autodoc2] Writing modules...[ 18%] causalis.scenarios.multi_unconfoundedness.refutation
[Autodoc2] Writing modules...[ 18%] causalis.scenarios.multi_unconfoundedness.refutation.overlap
[Autodoc2] Writing modules...[ 19%] causalis.scenarios.multi_unconfoundedness.refutation.overlap.overlap_plot
[Autodoc2] Writing modules...[ 20%] causalis.scenarios.multi_unconfoundedness.refutation.overlap.overlap_validation
[Autodoc2] Writing modules...[ 20%] causalis.scenarios.multi_unconfoundedness.refutation.score
[Autodoc2] Writing modules...[ 21%] causalis.scenarios.multi_unconfoundedness.refutation.score.residual_plots
[Autodoc2] Writing modules...[ 22%] causalis.scenarios.multi_unconfoundedness.refutation.score.score_validation
[Autodoc2] Writing modules...[ 22%] causalis.scenarios.multi_unconfoundedness.refutation.unconfoundedness
[Autodoc2] Writing modules...[ 23%] causalis.scenarios.multi_unconfoundedness.refutation.unconfoundedness.sensitivity
[Autodoc2] Writing modules...[ 24%] causalis.scenarios.multi_unconfoundedness.refutation.unconfoundedness.unconfoundedness_validation
[Autodoc2] Writing modules...[ 24%] causalis.scenarios.multi_unconfoundedness._utils
[Autodoc2] Writing modules...[ 25%] causalis.scenarios.multi_unconfoundedness.model
[Autodoc2] Writing modules...[ 26%] causalis.scenarios.multi_unconfoundedness.dgp
[Autodoc2] Writing modules...[ 27%] causalis.scenarios.iv
[Autodoc2] Writing modules...[ 27%] causalis.scenarios.iv.refutation
[Autodoc2] Writing modules...[ 28%] causalis.scenarios.iv.refutation.iv_confounders_balance
[Autodoc2] Writing modules...[ 29%] causalis.scenarios.iv.refutation.diagnostics
[Autodoc2] Writing modules...[ 29%] causalis.scenarios.iv.model
[Autodoc2] Writing modules...[ 30%] causalis.scenarios.iv.dgp
[Autodoc2] Writing modules...[ 31%] causalis.scenarios.gate
[Autodoc2] Writing modules...[ 31%] causalis.scenarios.gate.model
[Autodoc2] Writing modules...[ 32%] causalis.scenarios.gate.gate_plot
[Autodoc2] Writing modules...[ 33%] causalis.scenarios.uplift
[Autodoc2] Writing modules...[ 33%] causalis.scenarios.uplift.validation
[Autodoc2] Writing modules...[ 34%] causalis.scenarios.uplift.learners
[Autodoc2] Writing modules...[ 35%] causalis.scenarios.uplift.model
[Autodoc2] Writing modules...[ 35%] causalis.scenarios.uplift.policy
[Autodoc2] Writing modules...[ 36%] causalis.scenarios.unconfoundedness
[Autodoc2] Writing modules...[ 37%] causalis.scenarios.unconfoundedness.refutation
[Autodoc2] Writing modules...[ 37%] causalis.scenarios.unconfoundedness.refutation.overlap
[Autodoc2] Writing modules...[ 38%] causalis.scenarios.unconfoundedness.refutation.overlap.reliability_plot
[Autodoc2] Writing modules...[ 39%] causalis.scenarios.unconfoundedness.refutation.overlap.overlap_plot
[Autodoc2] Writing modules...[ 39%] causalis.scenarios.unconfoundedness.refutation.overlap.feature_importance_plot
[Autodoc2] Writing modules...[ 40%] causalis.scenarios.unconfoundedness.refutation.overlap.overlap_validation
[Autodoc2] Writing modules...[ 41%] causalis.scenarios.unconfoundedness.refutation.score
[Autodoc2] Writing modules...[ 41%] causalis.scenarios.unconfoundedness.refutation.score.residual_plots
[Autodoc2] Writing modules...[ 42%] causalis.scenarios.unconfoundedness.refutation.score.influence_plot
[Autodoc2] Writing modules...[ 43%] causalis.scenarios.unconfoundedness.refutation.score.score_validation
[Autodoc2] Writing modules...[ 44%] causalis.scenarios.unconfoundedness.refutation.unconfoundedness
[Autodoc2] Writing modules...[ 44%] causalis.scenarios.unconfoundedness.refutation.unconfoundedness.love_plot
[Autodoc2] Writing modules...[ 45%] causalis.scenarios.unconfoundedness.refutation.unconfoundedness.sensitivity
[Autodoc2] Writing modules...[ 46%] causalis.scenarios.unconfoundedness.refutation.unconfoundedness.unconfoundedness_validation
[Autodoc2] Writing modules...[ 46%] causalis.scenarios.unconfoundedness.refutation._shared
[Autodoc2] Writing modules...[ 47%] causalis.scenarios.unconfoundedness._utils
[Autodoc2] Writing modules...[ 48%] causalis.scenarios.unconfoundedness._score_utils
[Autodoc2] Writing modules...[ 48%] causalis.scenarios.unconfoundedness._external_oof
[Autodoc2] Writing modules...[ 49%] causalis.scenarios.unconfoundedness._repeated
[Autodoc2] Writing modules...[ 50%] causalis.scenarios.unconfoundedness._diagnostic_utils
[Autodoc2] Writing modules...[ 50%] causalis.scenarios.unconfoundedness._cluster
[Autodoc2] Writing modules...[ 51%] causalis.scenarios.unconfoundedness.model
[Autodoc2] Writing modules...[ 52%] causalis.scenarios.unconfoundedness.dgp
[Autodoc2] Writing modules...[ 52%] causalis.scenarios.synthetic_control
[Autodoc2] Writing modules...[ 53%] causalis.scenarios.synthetic_control.refutation
[Autodoc2] Writing modules...[ 54%] causalis.scenarios.synthetic_control.refutation.outcome_panel_plot
[Autodoc2] Writing modules...[ 54%] causalis.scenarios.synthetic_control.refutation.diagnostic_plots
[Autodoc2] Writing modules...[ 55%] causalis.scenarios.synthetic_control.refutation.placebo
[Autodoc2] Writing modules...[ 56%] causalis.scenarios.synthetic_control.refutation.scm_diagnostics
[Autodoc2] Writing modules...[ 56%] causalis.scenarios.synthetic_control.refutation.donors_diagnostics
[Autodoc2] Writing modules...[ 57%] causalis.scenarios.synthetic_control.refutation.sensitivity
[Autodoc2] Writing modules...[ 58%] causalis.scenarios.synthetic_control._utils
[Autodoc2] Writing modules...[ 59%] causalis.scenarios.synthetic_control.model
[Autodoc2] Writing modules...[ 59%] causalis.scenarios.synthetic_control.dgp
[Autodoc2] Writing modules...[ 60%] causalis.scenarios.classic_rct
[Autodoc2] Writing modules...[ 61%] causalis.scenarios.classic_rct.inference
[Autodoc2] Writing modules...[ 61%] causalis.scenarios.classic_rct.inference.conversion_ztest
[Autodoc2] Writing modules...[ 62%] causalis.scenarios.classic_rct.inference.welch_permutation_t_test
[Autodoc2] Writing modules...[ 63%] causalis.scenarios.classic_rct.inference.ttest
[Autodoc2] Writing modules...[ 63%] causalis.scenarios.classic_rct.model
[Autodoc2] Writing modules...[ 64%] causalis.scenarios.classic_rct.dgp
[Autodoc2] Writing modules...[ 65%] causalis.scenarios.cuped
[Autodoc2] Writing modules...[ 65%] causalis.scenarios.cuped.refutation
[Autodoc2] Writing modules...[ 66%] causalis.scenarios.cuped.refutation.forest_plot
[Autodoc2] Writing modules...[ 67%] causalis.scenarios.cuped.refutation.config
[Autodoc2] Writing modules...[ 67%] causalis.scenarios.cuped.refutation.regression_checks
[Autodoc2] Writing modules...[ 68%] causalis.scenarios.cuped._ols
[Autodoc2] Writing modules...[ 69%] causalis.scenarios.cuped.model
[Autodoc2] Writing modules...[ 69%] causalis.scenarios.cuped.dgp
[Autodoc2] Writing modules...[ 70%] causalis.scenarios.did
[Autodoc2] Writing modules...[ 71%] causalis.scenarios.did.refutation
[Autodoc2] Writing modules...[ 71%] causalis.scenarios.did.refutation.post_inference
[Autodoc2] Writing modules...[ 72%] causalis.scenarios.did.refutation.diagnostic_plots
[Autodoc2] Writing modules...[ 73%] causalis.scenarios.did.refutation.diagnostics
[Autodoc2] Writing modules...[ 73%] causalis.scenarios.did.refutation.post_inference_plots
[Autodoc2] Writing modules...[ 74%] causalis.scenarios.did.model
[Autodoc2] Writing modules...[ 75%] causalis.scenarios.did.dgp
[Autodoc2] Writing modules...[ 76%] causalis.scenarios._prediction
[Autodoc2] Writing modules...[ 76%] causalis.scenarios._numerics
[Autodoc2] Writing modules...[ 77%] causalis.scenarios._orthogonal
[Autodoc2] Writing modules...[ 78%] causalis.scenarios._fit_state
[Autodoc2] Writing modules...[ 78%] causalis.shared
[Autodoc2] Writing modules...[ 79%] causalis.shared.rct_design
[Autodoc2] Writing modules...[ 80%] causalis.shared.rct_design.split
[Autodoc2] Writing modules...[ 80%] causalis.shared.rct_design.design
[Autodoc2] Writing modules...[ 81%] causalis.shared.srm
[Autodoc2] Writing modules...[ 82%] causalis.shared.sutva_validation
[Autodoc2] Writing modules...[ 82%] causalis.shared.confounder_clustering
[Autodoc2] Writing modules...[ 83%] causalis.shared.outcome_stats
[Autodoc2] Writing modules...[ 84%] causalis.shared.outcome_plots
[Autodoc2] Writing modules...[ 84%] causalis.shared.confounders_balance
[Autodoc2] Writing modules...[ 85%] causalis.shared.outcome_outliers
[Autodoc2] Writing modules...[ 86%] causalis.dgp
[Autodoc2] Writing modules...[ 86%] causalis.dgp.causaldata_instrumental
[Autodoc2] Writing modules...[ 87%] causalis.dgp.causaldata_instrumental.base
[Autodoc2] Writing modules...[ 88%] causalis.dgp.causaldata_instrumental.functional
[Autodoc2] Writing modules...[ 88%] causalis.dgp.panel_data_did
[Autodoc2] Writing modules...[ 89%] causalis.dgp.panel_data_did.base
[Autodoc2] Writing modules...[ 90%] causalis.dgp.panel_data_did.functional
[Autodoc2] Writing modules...[ 90%] causalis.dgp.multicausaldata
[Autodoc2] Writing modules...[ 91%] causalis.dgp.multicausaldata.base
[Autodoc2] Writing modules...[ 92%] causalis.dgp.multicausaldata.functional
[Autodoc2] Writing modules...[ 93%] causalis.dgp.causaldata
[Autodoc2] Writing modules...[ 93%] causalis.dgp.causaldata.base
[Autodoc2] Writing modules...[ 94%] causalis.dgp.causaldata.functional
[Autodoc2] Writing modules...[ 95%] causalis.dgp.causaldata.preperiod
[Autodoc2] Writing modules...[ 95%] causalis.dgp.panel_data_scm
[Autodoc2] Writing modules...[ 96%] causalis.dgp.panel_data_scm.base
[Autodoc2] Writing modules...[ 97%] causalis.dgp.panel_data_scm.functional
[Autodoc2] Writing modules...[ 97%] causalis.dgp._gaussian_joint
[Autodoc2] Writing modules...[ 98%] causalis.dgp.base
[Autodoc2] Writing modules...[ 99%] causalis.dgp._gaussian_outcome
[Autodoc2] Writing modules...[ 99%] causalis.dgp.rct_causal_data
[Autodoc2] Writing modules...[100%] causalis._version

building [mo]: targets for 0 po files that are out of date
writing output... 
building [html]: targets for 2 source files that are out of date
updating environment: [new config] 149 added, 0 changed, 0 removed
reading sources... [  1%] apidocs/causalis/causalis
reading sources... [  1%] apidocs/causalis/causalis._version
reading sources... [  2%] apidocs/causalis/causalis.data_contracts
reading sources... [  3%] apidocs/causalis/causalis.data_contracts._did_comparison_units
reading sources... [  3%] apidocs/causalis/causalis.data_contracts._duplicate_columns
reading sources... [  4%] apidocs/causalis/causalis.data_contracts.causal_diagnostic_data
reading sources... [  5%] apidocs/causalis/causalis.data_contracts.causal_estimate
reading sources... [  5%] apidocs/causalis/causalis.data_contracts.causaldata
reading sources... [  6%] apidocs/causalis/causalis.data_contracts.gate_contrast_estimate
reading sources... [  7%] apidocs/causalis/causalis.data_contracts.gate_estimate
reading sources... [  7%] apidocs/causalis/causalis.data_contracts.iv_causal_data
reading sources... [  8%] apidocs/causalis/causalis.data_contracts.iv_causal_estimate
reading sources... [  9%] apidocs/causalis/causalis.data_contracts.multicausal_estimate
reading sources... [  9%] apidocs/causalis/causalis.data_contracts.multicausaldata
reading sources... [ 10%] apidocs/causalis/causalis.data_contracts.panel_data_did
reading sources... [ 11%] apidocs/causalis/causalis.data_contracts.panel_data_scm
reading sources... [ 11%] apidocs/causalis/causalis.data_contracts.panel_did_estimate
reading sources... [ 12%] apidocs/causalis/causalis.data_contracts.panel_estimate
reading sources... [ 13%] apidocs/causalis/causalis.data_contracts.rct_causal_data
reading sources... [ 13%] apidocs/causalis/causalis.data_contracts.rct_estimates
reading sources... [ 14%] apidocs/causalis/causalis.data_contracts.repeated_causal_estimate
reading sources... [ 15%] apidocs/causalis/causalis.data_contracts.sensitivity_analysis_result
reading sources... [ 15%] apidocs/causalis/causalis.dgp
reading sources... [ 16%] apidocs/causalis/causalis.dgp._gaussian_joint
reading sources... [ 17%] apidocs/causalis/causalis.dgp._gaussian_outcome
reading sources... [ 17%] apidocs/causalis/causalis.dgp.base
reading sources... [ 18%] apidocs/causalis/causalis.dgp.causaldata
reading sources... [ 19%] apidocs/causalis/causalis.dgp.causaldata.base
reading sources... [ 19%] apidocs/causalis/causalis.dgp.causaldata.functional
reading sources... [ 20%] apidocs/causalis/causalis.dgp.causaldata.preperiod
reading sources... [ 21%] apidocs/causalis/causalis.dgp.causaldata_instrumental
reading sources... [ 21%] apidocs/causalis/causalis.dgp.causaldata_instrumental.base
reading sources... [ 22%] apidocs/causalis/causalis.dgp.causaldata_instrumental.functional
reading sources... [ 23%] apidocs/causalis/causalis.dgp.multicausaldata
reading sources... [ 23%] apidocs/causalis/causalis.dgp.multicausaldata.base
reading sources... [ 24%] apidocs/causalis/causalis.dgp.multicausaldata.functional
reading sources... [ 25%] apidocs/causalis/causalis.dgp.panel_data_did
reading sources... [ 26%] apidocs/causalis/causalis.dgp.panel_data_did.base
reading sources... [ 26%] apidocs/causalis/causalis.dgp.panel_data_did.functional
reading sources... [ 27%] apidocs/causalis/causalis.dgp.panel_data_scm
reading sources... [ 28%] apidocs/causalis/causalis.dgp.panel_data_scm.base
reading sources... [ 28%] apidocs/causalis/causalis.dgp.panel_data_scm.functional
reading sources... [ 29%] apidocs/causalis/causalis.dgp.rct_causal_data
reading sources... [ 30%] apidocs/causalis/causalis.inference
reading sources... [ 30%] apidocs/causalis/causalis.inference.family
reading sources... [ 31%] apidocs/causalis/causalis.scenarios
reading sources... [ 32%] apidocs/causalis/causalis.scenarios._fit_state
reading sources... [ 32%] apidocs/causalis/causalis.scenarios._numerics
reading sources... [ 33%] apidocs/causalis/causalis.scenarios._orthogonal
reading sources... [ 34%] apidocs/causalis/causalis.scenarios._prediction
reading sources... [ 34%] apidocs/causalis/causalis.scenarios.classic_rct
reading sources... [ 35%] apidocs/causalis/causalis.scenarios.classic_rct.dgp
reading sources... [ 36%] apidocs/causalis/causalis.scenarios.classic_rct.inference
reading sources... [ 36%] apidocs/causalis/causalis.scenarios.classic_rct.inference.conversion_ztest
reading sources... [ 37%] apidocs/causalis/causalis.scenarios.classic_rct.inference.ttest
reading sources... [ 38%] apidocs/causalis/causalis.scenarios.classic_rct.inference.welch_permutation_t_test
reading sources... [ 38%] apidocs/causalis/causalis.scenarios.classic_rct.model
reading sources... [ 39%] apidocs/causalis/causalis.scenarios.cuped
reading sources... [ 40%] apidocs/causalis/causalis.scenarios.cuped._ols
reading sources... [ 40%] apidocs/causalis/causalis.scenarios.cuped.dgp
reading sources... [ 41%] apidocs/causalis/causalis.scenarios.cuped.model
reading sources... [ 42%] apidocs/causalis/causalis.scenarios.cuped.refutation
reading sources... [ 42%] apidocs/causalis/causalis.scenarios.cuped.refutation.config
reading sources... [ 43%] apidocs/causalis/causalis.scenarios.cuped.refutation.forest_plot
reading sources... [ 44%] apidocs/causalis/causalis.scenarios.cuped.refutation.regression_checks
reading sources... [ 44%] apidocs/causalis/causalis.scenarios.did
reading sources... [ 45%] apidocs/causalis/causalis.scenarios.did.dgp
reading sources... [ 46%] apidocs/causalis/causalis.scenarios.did.model
reading sources... [ 46%] apidocs/causalis/causalis.scenarios.did.refutation
reading sources... [ 47%] apidocs/causalis/causalis.scenarios.did.refutation.diagnostic_plots
reading sources... [ 48%] apidocs/causalis/causalis.scenarios.did.refutation.diagnostics
reading sources... [ 48%] apidocs/causalis/causalis.scenarios.did.refutation.post_inference
reading sources... [ 49%] apidocs/causalis/causalis.scenarios.did.refutation.post_inference_plots
reading sources... [ 50%] apidocs/causalis/causalis.scenarios.gate
reading sources... [ 50%] apidocs/causalis/causalis.scenarios.gate.gate_plot
reading sources... [ 51%] apidocs/causalis/causalis.scenarios.gate.model
reading sources... [ 52%] apidocs/causalis/causalis.scenarios.iv
reading sources... [ 52%] apidocs/causalis/causalis.scenarios.iv.dgp
reading sources... [ 53%] apidocs/causalis/causalis.scenarios.iv.model
reading sources... [ 54%] apidocs/causalis/causalis.scenarios.iv.refutation
reading sources... [ 54%] apidocs/causalis/causalis.scenarios.iv.refutation.diagnostics
reading sources... [ 55%] apidocs/causalis/causalis.scenarios.iv.refutation.iv_confounders_balance
reading sources... [ 56%] apidocs/causalis/causalis.scenarios.multi_unconfoundedness
reading sources... [ 56%] apidocs/causalis/causalis.scenarios.multi_unconfoundedness._utils
reading sources... [ 57%] apidocs/causalis/causalis.scenarios.multi_unconfoundedness.dgp
reading sources... [ 58%] apidocs/causalis/causalis.scenarios.multi_unconfoundedness.model
reading sources... [ 58%] apidocs/causalis/causalis.scenarios.multi_unconfoundedness.refutation
reading sources... [ 59%] apidocs/causalis/causalis.scenarios.multi_unconfoundedness.refutation.overlap
reading sources... [ 60%] apidocs/causalis/causalis.scenarios.multi_unconfoundedness.refutation.overlap.overlap_plot
reading sources... [ 60%] apidocs/causalis/causalis.scenarios.multi_unconfoundedness.refutation.overlap.overlap_validation
reading sources... [ 61%] apidocs/causalis/causalis.scenarios.multi_unconfoundedness.refutation.score
reading sources... [ 62%] apidocs/causalis/causalis.scenarios.multi_unconfoundedness.refutation.score.residual_plots
reading sources... [ 62%] apidocs/causalis/causalis.scenarios.multi_unconfoundedness.refutation.score.score_validation
reading sources... [ 63%] apidocs/causalis/causalis.scenarios.multi_unconfoundedness.refutation.unconfoundedness
reading sources... [ 64%] apidocs/causalis/causalis.scenarios.multi_unconfoundedness.refutation.unconfoundedness.sensitivity
reading sources... [ 64%] apidocs/causalis/causalis.scenarios.multi_unconfoundedness.refutation.unconfoundedness.unconfoundedness_validation
reading sources... [ 65%] apidocs/causalis/causalis.scenarios.synthetic_control
reading sources... [ 66%] apidocs/causalis/causalis.scenarios.synthetic_control._utils
reading sources... [ 66%] apidocs/causalis/causalis.scenarios.synthetic_control.dgp
reading sources... [ 67%] apidocs/causalis/causalis.scenarios.synthetic_control.model
reading sources... [ 68%] apidocs/causalis/causalis.scenarios.synthetic_control.refutation
reading sources... [ 68%] apidocs/causalis/causalis.scenarios.synthetic_control.refutation.diagnostic_plots
reading sources... [ 69%] apidocs/causalis/causalis.scenarios.synthetic_control.refutation.donors_diagnostics
reading sources... [ 70%] apidocs/causalis/causalis.scenarios.synthetic_control.refutation.outcome_panel_plot
reading sources... [ 70%] apidocs/causalis/causalis.scenarios.synthetic_control.refutation.placebo
reading sources... [ 71%] apidocs/causalis/causalis.scenarios.synthetic_control.refutation.scm_diagnostics
reading sources... [ 72%] apidocs/causalis/causalis.scenarios.synthetic_control.refutation.sensitivity
reading sources... [ 72%] apidocs/causalis/causalis.scenarios.unconfoundedness
reading sources... [ 73%] apidocs/causalis/causalis.scenarios.unconfoundedness._cluster
reading sources... [ 74%] apidocs/causalis/causalis.scenarios.unconfoundedness._diagnostic_utils
reading sources... [ 74%] apidocs/causalis/causalis.scenarios.unconfoundedness._external_oof
reading sources... [ 75%] apidocs/causalis/causalis.scenarios.unconfoundedness._repeated
reading sources... [ 76%] apidocs/causalis/causalis.scenarios.unconfoundedness._score_utils
reading sources... [ 77%] apidocs/causalis/causalis.scenarios.unconfoundedness._utils
reading sources... [ 77%] apidocs/causalis/causalis.scenarios.unconfoundedness.dgp
reading sources... [ 78%] apidocs/causalis/causalis.scenarios.unconfoundedness.model
reading sources... [ 79%] apidocs/causalis/causalis.scenarios.unconfoundedness.refutation
reading sources... [ 79%] apidocs/causalis/causalis.scenarios.unconfoundedness.refutation._shared
reading sources... [ 80%] apidocs/causalis/causalis.scenarios.unconfoundedness.refutation.overlap
reading sources... [ 81%] apidocs/causalis/causalis.scenarios.unconfoundedness.refutation.overlap.feature_importance_plot
reading sources... [ 81%] apidocs/causalis/causalis.scenarios.unconfoundedness.refutation.overlap.overlap_plot
reading sources... [ 82%] apidocs/causalis/causalis.scenarios.unconfoundedness.refutation.overlap.overlap_validation
reading sources... [ 83%] apidocs/causalis/causalis.scenarios.unconfoundedness.refutation.overlap.reliability_plot
reading sources... [ 83%] apidocs/causalis/causalis.scenarios.unconfoundedness.refutation.score
reading sources... [ 84%] apidocs/causalis/causalis.scenarios.unconfoundedness.refutation.score.influence_plot
reading sources... [ 85%] apidocs/causalis/causalis.scenarios.unconfoundedness.refutation.score.residual_plots
reading sources... [ 85%] apidocs/causalis/causalis.scenarios.unconfoundedness.refutation.score.score_validation
reading sources... [ 86%] apidocs/causalis/causalis.scenarios.unconfoundedness.refutation.unconfoundedness
reading sources... [ 87%] apidocs/causalis/causalis.scenarios.unconfoundedness.refutation.unconfoundedness.love_plot
reading sources... [ 87%] apidocs/causalis/causalis.scenarios.unconfoundedness.refutation.unconfoundedness.sensitivity
reading sources... [ 88%] apidocs/causalis/causalis.scenarios.unconfoundedness.refutation.unconfoundedness.unconfoundedness_validation
reading sources... [ 89%] apidocs/causalis/causalis.scenarios.uplift
reading sources... [ 89%] apidocs/causalis/causalis.scenarios.uplift.learners
reading sources... [ 90%] apidocs/causalis/causalis.scenarios.uplift.model
reading sources... [ 91%] apidocs/causalis/causalis.scenarios.uplift.policy
reading sources... [ 91%] apidocs/causalis/causalis.scenarios.uplift.validation
reading sources... [ 92%] apidocs/causalis/causalis.shared
reading sources... [ 93%] apidocs/causalis/causalis.shared.confounder_clustering
reading sources... [ 93%] apidocs/causalis/causalis.shared.confounders_balance
reading sources... [ 94%] apidocs/causalis/causalis.shared.outcome_outliers
reading sources... [ 95%] apidocs/causalis/causalis.shared.outcome_plots
reading sources... [ 95%] apidocs/causalis/causalis.shared.outcome_stats
reading sources... [ 96%] apidocs/causalis/causalis.shared.rct_design
reading sources... [ 97%] apidocs/causalis/causalis.shared.rct_design.design
reading sources... [ 97%] apidocs/causalis/causalis.shared.rct_design.split
reading sources... [ 98%] apidocs/causalis/causalis.shared.srm
reading sources... [ 99%] apidocs/causalis/causalis.shared.sutva_validation
reading sources... [ 99%] apidocs/index
reading sources... [100%] reference

looking for now-outdated files... none found
pickling environment... done
checking consistency... done
preparing documents... done
copying assets... 
copying static files... 
Writing evaluated template result to /private/var/folders/09/b051bynd66n6g02p8rl5z0t00000gq/T/generate_api_reference__y986243/build/_static/basic.css
Writing evaluated template result to /private/var/folders/09/b051bynd66n6g02p8rl5z0t00000gq/T/generate_api_reference__y986243/build/_static/language_data.js
Writing evaluated template result to /private/var/folders/09/b051bynd66n6g02p8rl5z0t00000gq/T/generate_api_reference__y986243/build/_static/documentation_options.js
Writing evaluated template result to /private/var/folders/09/b051bynd66n6g02p8rl5z0t00000gq/T/generate_api_reference__y986243/build/_static/alabaster.css
copying static files: done
copying extra files... 
copying extra files: done
copying assets: done
writing output... [  1%] apidocs/causalis/causalis
writing output... [  1%] apidocs/causalis/causalis._version
writing output... [  2%] apidocs/causalis/causalis.data_contracts
writing output... [  3%] apidocs/causalis/causalis.data_contracts._did_comparison_units
writing output... [  3%] apidocs/causalis/causalis.data_contracts._duplicate_columns
writing output... [  4%] apidocs/causalis/causalis.data_contracts.causal_diagnostic_data
writing output... [  5%] apidocs/causalis/causalis.data_contracts.causal_estimate
writing output... [  5%] apidocs/causalis/causalis.data_contracts.causaldata
writing output... [  6%] apidocs/causalis/causalis.data_contracts.gate_contrast_estimate
writing output... [  7%] apidocs/causalis/causalis.data_contracts.gate_estimate
writing output... [  7%] apidocs/causalis/causalis.data_contracts.iv_causal_data
writing output... [  8%] apidocs/causalis/causalis.data_contracts.iv_causal_estimate
writing output... [  9%] apidocs/causalis/causalis.data_contracts.multicausal_estimate
writing output... [  9%] apidocs/causalis/causalis.data_contracts.multicausaldata
writing output... [ 10%] apidocs/causalis/causalis.data_contracts.panel_data_did
writing output... [ 11%] apidocs/causalis/causalis.data_contracts.panel_data_scm
writing output... [ 11%] apidocs/causalis/causalis.data_contracts.panel_did_estimate
writing output... [ 12%] apidocs/causalis/causalis.data_contracts.panel_estimate
writing output... [ 13%] apidocs/causalis/causalis.data_contracts.rct_causal_data
writing output... [ 13%] apidocs/causalis/causalis.data_contracts.rct_estimates
writing output... [ 14%] apidocs/causalis/causalis.data_contracts.repeated_causal_estimate
writing output... [ 15%] apidocs/causalis/causalis.data_contracts.sensitivity_analysis_result
writing output... [ 15%] apidocs/causalis/causalis.dgp
writing output... [ 16%] apidocs/causalis/causalis.dgp._gaussian_joint
writing output... [ 17%] apidocs/causalis/causalis.dgp._gaussian_outcome
writing output... [ 17%] apidocs/causalis/causalis.dgp.base
writing output... [ 18%] apidocs/causalis/causalis.dgp.causaldata
writing output... [ 19%] apidocs/causalis/causalis.dgp.causaldata.base
writing output... [ 19%] apidocs/causalis/causalis.dgp.causaldata.functional
writing output... [ 20%] apidocs/causalis/causalis.dgp.causaldata.preperiod
writing output... [ 21%] apidocs/causalis/causalis.dgp.causaldata_instrumental
writing output... [ 21%] apidocs/causalis/causalis.dgp.causaldata_instrumental.base
writing output... [ 22%] apidocs/causalis/causalis.dgp.causaldata_instrumental.functional
writing output... [ 23%] apidocs/causalis/causalis.dgp.multicausaldata
writing output... [ 23%] apidocs/causalis/causalis.dgp.multicausaldata.base
writing output... [ 24%] apidocs/causalis/causalis.dgp.multicausaldata.functional
writing output... [ 25%] apidocs/causalis/causalis.dgp.panel_data_did
writing output... [ 26%] apidocs/causalis/causalis.dgp.panel_data_did.base
writing output... [ 26%] apidocs/causalis/causalis.dgp.panel_data_did.functional
writing output... [ 27%] apidocs/causalis/causalis.dgp.panel_data_scm
writing output... [ 28%] apidocs/causalis/causalis.dgp.panel_data_scm.base
writing output... [ 28%] apidocs/causalis/causalis.dgp.panel_data_scm.functional
writing output... [ 29%] apidocs/causalis/causalis.dgp.rct_causal_data
writing output... [ 30%] apidocs/causalis/causalis.inference
writing output... [ 30%] apidocs/causalis/causalis.inference.family
writing output... [ 31%] apidocs/causalis/causalis.scenarios
writing output... [ 32%] apidocs/causalis/causalis.scenarios._fit_state
writing output... [ 32%] apidocs/causalis/causalis.scenarios._numerics
writing output... [ 33%] apidocs/causalis/causalis.scenarios._orthogonal
writing output... [ 34%] apidocs/causalis/causalis.scenarios._prediction
writing output... [ 34%] apidocs/causalis/causalis.scenarios.classic_rct
writing output... [ 35%] apidocs/causalis/causalis.scenarios.classic_rct.dgp
writing output... [ 36%] apidocs/causalis/causalis.scenarios.classic_rct.inference
writing output... [ 36%] apidocs/causalis/causalis.scenarios.classic_rct.inference.conversion_ztest
writing output... [ 37%] apidocs/causalis/causalis.scenarios.classic_rct.inference.ttest
writing output... [ 38%] apidocs/causalis/causalis.scenarios.classic_rct.inference.welch_permutation_t_test
writing output... [ 38%] apidocs/causalis/causalis.scenarios.classic_rct.model
writing output... [ 39%] apidocs/causalis/causalis.scenarios.cuped
writing output... [ 40%] apidocs/causalis/causalis.scenarios.cuped._ols
writing output... [ 40%] apidocs/causalis/causalis.scenarios.cuped.dgp
writing output... [ 41%] apidocs/causalis/causalis.scenarios.cuped.model
writing output... [ 42%] apidocs/causalis/causalis.scenarios.cuped.refutation
writing output... [ 42%] apidocs/causalis/causalis.scenarios.cuped.refutation.config
writing output... [ 43%] apidocs/causalis/causalis.scenarios.cuped.refutation.forest_plot
writing output... [ 44%] apidocs/causalis/causalis.scenarios.cuped.refutation.regression_checks
writing output... [ 44%] apidocs/causalis/causalis.scenarios.did
writing output... [ 45%] apidocs/causalis/causalis.scenarios.did.dgp
writing output... [ 46%] apidocs/causalis/causalis.scenarios.did.model
writing output... [ 46%] apidocs/causalis/causalis.scenarios.did.refutation
writing output... [ 47%] apidocs/causalis/causalis.scenarios.did.refutation.diagnostic_plots
writing output... [ 48%] apidocs/causalis/causalis.scenarios.did.refutation.diagnostics
writing output... [ 48%] apidocs/causalis/causalis.scenarios.did.refutation.post_inference
writing output... [ 49%] apidocs/causalis/causalis.scenarios.did.refutation.post_inference_plots
writing output... [ 50%] apidocs/causalis/causalis.scenarios.gate
writing output... [ 50%] apidocs/causalis/causalis.scenarios.gate.gate_plot
writing output... [ 51%] apidocs/causalis/causalis.scenarios.gate.model
writing output... [ 52%] apidocs/causalis/causalis.scenarios.iv
writing output... [ 52%] apidocs/causalis/causalis.scenarios.iv.dgp
writing output... [ 53%] apidocs/causalis/causalis.scenarios.iv.model
writing output... [ 54%] apidocs/causalis/causalis.scenarios.iv.refutation
writing output... [ 54%] apidocs/causalis/causalis.scenarios.iv.refutation.diagnostics
writing output... [ 55%] apidocs/causalis/causalis.scenarios.iv.refutation.iv_confounders_balance
writing output... [ 56%] apidocs/causalis/causalis.scenarios.multi_unconfoundedness
writing output... [ 56%] apidocs/causalis/causalis.scenarios.multi_unconfoundedness._utils
writing output... [ 57%] apidocs/causalis/causalis.scenarios.multi_unconfoundedness.dgp
writing output... [ 58%] apidocs/causalis/causalis.scenarios.multi_unconfoundedness.model
writing output... [ 58%] apidocs/causalis/causalis.scenarios.multi_unconfoundedness.refutation
writing output... [ 59%] apidocs/causalis/causalis.scenarios.multi_unconfoundedness.refutation.overlap
writing output... [ 60%] apidocs/causalis/causalis.scenarios.multi_unconfoundedness.refutation.overlap.overlap_plot
writing output... [ 60%] apidocs/causalis/causalis.scenarios.multi_unconfoundedness.refutation.overlap.overlap_validation
writing output... [ 61%] apidocs/causalis/causalis.scenarios.multi_unconfoundedness.refutation.score
writing output... [ 62%] apidocs/causalis/causalis.scenarios.multi_unconfoundedness.refutation.score.residual_plots
writing output... [ 62%] apidocs/causalis/causalis.scenarios.multi_unconfoundedness.refutation.score.score_validation
writing output... [ 63%] apidocs/causalis/causalis.scenarios.multi_unconfoundedness.refutation.unconfoundedness
writing output... [ 64%] apidocs/causalis/causalis.scenarios.multi_unconfoundedness.refutation.unconfoundedness.sensitivity
writing output... [ 64%] apidocs/causalis/causalis.scenarios.multi_unconfoundedness.refutation.unconfoundedness.unconfoundedness_validation
writing output... [ 65%] apidocs/causalis/causalis.scenarios.synthetic_control
writing output... [ 66%] apidocs/causalis/causalis.scenarios.synthetic_control._utils
writing output... [ 66%] apidocs/causalis/causalis.scenarios.synthetic_control.dgp
writing output... [ 67%] apidocs/causalis/causalis.scenarios.synthetic_control.model
writing output... [ 68%] apidocs/causalis/causalis.scenarios.synthetic_control.refutation
writing output... [ 68%] apidocs/causalis/causalis.scenarios.synthetic_control.refutation.diagnostic_plots
writing output... [ 69%] apidocs/causalis/causalis.scenarios.synthetic_control.refutation.donors_diagnostics
writing output... [ 70%] apidocs/causalis/causalis.scenarios.synthetic_control.refutation.outcome_panel_plot
writing output... [ 70%] apidocs/causalis/causalis.scenarios.synthetic_control.refutation.placebo
writing output... [ 71%] apidocs/causalis/causalis.scenarios.synthetic_control.refutation.scm_diagnostics
writing output... [ 72%] apidocs/causalis/causalis.scenarios.synthetic_control.refutation.sensitivity
writing output... [ 72%] apidocs/causalis/causalis.scenarios.unconfoundedness
writing output... [ 73%] apidocs/causalis/causalis.scenarios.unconfoundedness._cluster
writing output... [ 74%] apidocs/causalis/causalis.scenarios.unconfoundedness._diagnostic_utils
writing output... [ 74%] apidocs/causalis/causalis.scenarios.unconfoundedness._external_oof
writing output... [ 75%] apidocs/causalis/causalis.scenarios.unconfoundedness._repeated
writing output... [ 76%] apidocs/causalis/causalis.scenarios.unconfoundedness._score_utils
writing output... [ 77%] apidocs/causalis/causalis.scenarios.unconfoundedness._utils
writing output... [ 77%] apidocs/causalis/causalis.scenarios.unconfoundedness.dgp
writing output... [ 78%] apidocs/causalis/causalis.scenarios.unconfoundedness.model
writing output... [ 79%] apidocs/causalis/causalis.scenarios.unconfoundedness.refutation
writing output... [ 79%] apidocs/causalis/causalis.scenarios.unconfoundedness.refutation._shared
writing output... [ 80%] apidocs/causalis/causalis.scenarios.unconfoundedness.refutation.overlap
writing output... [ 81%] apidocs/causalis/causalis.scenarios.unconfoundedness.refutation.overlap.feature_importance_plot
writing output... [ 81%] apidocs/causalis/causalis.scenarios.unconfoundedness.refutation.overlap.overlap_plot
writing output... [ 82%] apidocs/causalis/causalis.scenarios.unconfoundedness.refutation.overlap.overlap_validation
writing output... [ 83%] apidocs/causalis/causalis.scenarios.unconfoundedness.refutation.overlap.reliability_plot
writing output... [ 83%] apidocs/causalis/causalis.scenarios.unconfoundedness.refutation.score
writing output... [ 84%] apidocs/causalis/causalis.scenarios.unconfoundedness.refutation.score.influence_plot
writing output... [ 85%] apidocs/causalis/causalis.scenarios.unconfoundedness.refutation.score.residual_plots
writing output... [ 85%] apidocs/causalis/causalis.scenarios.unconfoundedness.refutation.score.score_validation
writing output... [ 86%] apidocs/causalis/causalis.scenarios.unconfoundedness.refutation.unconfoundedness
writing output... [ 87%] apidocs/causalis/causalis.scenarios.unconfoundedness.refutation.unconfoundedness.love_plot
writing output... [ 87%] apidocs/causalis/causalis.scenarios.unconfoundedness.refutation.unconfoundedness.sensitivity
writing output... [ 88%] apidocs/causalis/causalis.scenarios.unconfoundedness.refutation.unconfoundedness.unconfoundedness_validation
writing output... [ 89%] apidocs/causalis/causalis.scenarios.uplift
writing output... [ 89%] apidocs/causalis/causalis.scenarios.uplift.learners
writing output... [ 90%] apidocs/causalis/causalis.scenarios.uplift.model
writing output... [ 91%] apidocs/causalis/causalis.scenarios.uplift.policy
writing output... [ 91%] apidocs/causalis/causalis.scenarios.uplift.validation
writing output... [ 92%] apidocs/causalis/causalis.shared
writing output... [ 93%] apidocs/causalis/causalis.shared.confounder_clustering
writing output... [ 93%] apidocs/causalis/causalis.shared.confounders_balance
writing output... [ 94%] apidocs/causalis/causalis.shared.outcome_outliers
writing output... [ 95%] apidocs/causalis/causalis.shared.outcome_plots
writing output... [ 95%] apidocs/causalis/causalis.shared.outcome_stats
writing output... [ 96%] apidocs/causalis/causalis.shared.rct_design
writing output... [ 97%] apidocs/causalis/causalis.shared.rct_design.design
writing output... [ 97%] apidocs/causalis/causalis.shared.rct_design.split
writing output... [ 98%] apidocs/causalis/causalis.shared.srm
writing output... [ 99%] apidocs/causalis/causalis.shared.sutva_validation
writing output... [ 99%] apidocs/index
writing output... [100%] reference

generating indices... genindex py-modindex done
writing additional pages... search done
dumping search index in English (code: en)... done
dumping object inventory... done
build succeeded.

The HTML pages are in ../../../../../../private/var/folders/09/b051bynd66n6g02p8rl5z0t00000gq/T/generate_api_reference__y986243/build.
API reference build check passed (warnings are errors).
{
  "command": [
    "/Users/m.lenivkin/Documents/tclaude_folder/git-lab-projects/Causalis/.venv/bin/python",
    "/Users/m.lenivkin/Documents/tclaude_folder/git-lab-projects/Causalis/scripts/generate_api_reference.py",
    "--check"
  ],
  "environment": {
    "python": "3.12.14",
    "implementation": "CPython",
    "platform": "macOS-26.6.2-arm64-arm-64bit",
    "executable": "/Users/m.lenivkin/Documents/tclaude_folder/git-lab-projects/Causalis/.venv/bin/python",
    "commit": "72f6918b1eb06b8bfd743397b2bf0bde6a8ef8a0",
    "packages": {
      "causalis": "1.0.8.dev37",
      "numpy": "2.5.3",
      "pandas": "3.0.6",
      "scipy": "1.18.1",
      "statsmodels": "0.15.0",
      "scikit-learn": "1.9.1",
      "pydantic": "2.13.5",
      "catboost": "1.2.10",
      "matplotlib": "3.11.2",
      "pytest": "9.1.1",
      "sphinx": "9.1.0",
      "myst-parser": "5.1.0",
      "sphinx-autodoc2": "0.5.0"
    },
    "docs_build_environment": null
  },
  "warnings_are_errors": true,
  "publishes_html": false,
  "exit_code": 0,
  "elapsed_seconds": 18.18278979200113,
  "log_sha256": "ce2aeca9808eb40ab56b037219b211d4a54ee0c4b868965c0a6af37de05724df",
  "generator_sha256": "fff79a2147fae775c132f196f02da326324c63f4555eec4081c8a04edabc6dc7"
}
