{
  "observed_head": "ebf940f76ec81317a2a59ff6a52880473a23f581",
  "source_state": "working tree before source commit",
  "command": [
    "/Users/m.lenivkin/Documents/tclaude_folder/git-lab-projects/Causalis/.venv/bin/python",
    "-m",
    "pytest",
    "tests/scenarios/uplift",
    "tests/inference/test_irm_external_oof.py",
    "tests/inference/test_irm_cluster_crossfit.py",
    "tests/inference/test_irm_repeated_crossfit.py",
    "tests/inference/test_data_snapshot_contracts.py",
    "tests/inference/test_irm_estimator.py",
    "tests/inference/test_irm_score_identities.py",
    "tests/test_no_tests_imports_in_causalis.py",
    "-q",
    "--junitxml=/Users/m.lenivkin/Documents/tclaude_folder/git-lab-projects/Causalis/audit/block25_focus_test_temp/junit.xml",
    "--basetemp=/Users/m.lenivkin/Documents/tclaude_folder/git-lab-projects/Causalis/audit/block25_focus_test_temp/pytest-temp"
  ],
  "source_sha256": {
    "README.md": "27dc7881f7d8c091a14e4aa2368c14db51e78cf71ad7f4472683e716a7272da5",
    "causalis/scenarios/uplift/learners.py": "ca127cc1b842e2120d662f5735aabe04f927745999065c75b7856ab082806f68",
    "causalis/scenarios/uplift/__init__.py": "2a687bab5aa8af4d6cd0936469f1a948f39e5db8158bc78c047a928d81a15c02",
    "tests/scenarios/uplift/test_dr_r_learners.py": "12e00cc53e7325ff721d21b83cb173e46fc0b94aa7d5fb3465646b0925292c7a"
  },
  "exit_code": 0,
  "tests": 584,
  "failures": 0,
  "errors": 0,
  "skipped": 0,
  "new_cases": 124,
  "passed": 584,
  "warnings": 64,
  "pytest_elapsed_seconds": 30.47,
  "junit_sha256": "4a47296d8038a6fbe921344323a9cb5466b312820dc018b8d6bde5a98074c2f0"
}
