{
  "observed_head": "48761037fcbceae8d3aaaf2cc5595d481e63eca6",
  "source_state": "working tree before source commit",
  "command": [
    "/Users/m.lenivkin/Documents/tclaude_folder/git-lab-projects/Causalis/.venv/bin/python",
    "-m",
    "pytest",
    "tests/scenarios/uplift",
    "tests/inference/test_irm_external_oof.py",
    "tests/inference/test_irm_cluster_crossfit.py",
    "tests/inference/test_irm_repeated_crossfit.py",
    "tests/inference/test_data_snapshot_contracts.py",
    "tests/inference/test_irm_estimator.py",
    "tests/inference/test_irm_score_identities.py",
    "tests/test_no_tests_imports_in_causalis.py",
    "-q",
    "--junitxml=/Users/m.lenivkin/Documents/tclaude_folder/git-lab-projects/Causalis/audit/block26_focus_test_temp/junit.xml",
    "--basetemp=/Users/m.lenivkin/Documents/tclaude_folder/git-lab-projects/Causalis/audit/block26_focus_test_temp/pytest-temp"
  ],
  "source_sha256": {
    "README.md": "c8387fbbfde585f284714fec51b7045909507f6547a8ac60bbe97bab9f546969",
    "causalis/scenarios/uplift/validation.py": "4d94b15ad971a55e970e0698422e6710477f2cf83515cc360bd471816f28961d",
    "causalis/scenarios/uplift/__init__.py": "f4fe683ae846a5a821324205685debd30ec7ff2e6c26602eb5103b1b0931d658",
    "tests/scenarios/uplift/test_held_out_validation.py": "7cd58cb430597c345a9bbbc2cdd76d76d98c0b27bd7e0bc04065baeb459b1700"
  },
  "exit_code": 0,
  "tests": 686,
  "failures": 0,
  "errors": 0,
  "skipped": 0,
  "new_cases": 102,
  "passed": 686,
  "warnings": 64,
  "pytest_elapsed_seconds": 32.48,
  "junit_sha256": "edb03892f9787a998354ab2d447519c4f0106bad329095243af1e182cce12c95"
}
