{
  "observed_head": "3668eec10a5cc794dd16be26d8ade6c284277bf4",
  "source_state": "working tree before source commit",
  "command": [
    "/Users/m.lenivkin/Documents/tclaude_folder/git-lab-projects/Causalis/.venv/bin/python",
    "-m",
    "pytest",
    "tests/inference/test_irm_external_oof.py",
    "tests/inference/test_irm_cluster_crossfit.py",
    "tests/inference/test_irm_repeated_crossfit.py",
    "tests/inference/test_irm_estimator.py",
    "tests/inference/test_irm_parallel_fit.py",
    "tests/inference/test_irm_score_identities.py",
    "tests/inference/test_irm_atte_relative_if.py",
    "tests/inference/test_irm_fit_weight_alignment.py",
    "tests/inference/test_data_snapshot_contracts.py",
    "tests/inference/test_irm_gate.py",
    "tests/inference/test_irm_gatet.py",
    "tests/scenarios/uplift/test_irm_predict_cate.py",
    "-q",
    "--junitxml=/Users/m.lenivkin/Documents/tclaude_folder/git-lab-projects/Causalis/audit/block24_focus_test_temp/junit.xml",
    "--basetemp=/Users/m.lenivkin/Documents/tclaude_folder/git-lab-projects/Causalis/audit/block24_focus_test_temp/pytest-temp"
  ],
  "source_sha256": {
    "README.md": "2dc8af5caecb231fd8cc2f24b557ca675d8ce99acd1944b15b10aa39a7a5e348",
    "causalis/scenarios/unconfoundedness/model.py": "1005024c48324cada0170afd2655f24a0d310eb9d61c9b66fec2079a8a81202d",
    "causalis/scenarios/unconfoundedness/_external_oof.py": "c1f41e3ab71299ffd3bca068afc4d6b8460f8ce02e4b7411430888f65294f41c",
    "causalis/scenarios/unconfoundedness/_repeated.py": "c71a9896bff805699a33a01389c5785cf8b3f4781819f885dc3cf4a0f393604f",
    "causalis/scenarios/gate/model.py": "18fabb49b06fcc83cc6e7cc1eac99fb3e232d83693c65d93fc5863160b3d05e0",
    "causalis/scenarios/uplift/model.py": "c6e64bd57fa5813df4cf379f506ef18507ebdb8f007191d9e0bdc246a8469155",
    "tests/inference/test_irm_external_oof.py": "63f2cf2044e69bb2c6aa0df703ef33134ed7cf8293908d7b5c98b07b44063bbc"
  },
  "exit_code": 0,
  "tests": 489,
  "failures": 0,
  "errors": 0,
  "skipped": 0,
  "new_cases": 125,
  "passed": 489,
  "warnings": 58,
  "pytest_elapsed_seconds": 31.33,
  "junit_sha256": "17ede9af3326147ac20c2873be9e528608815e7267fc8eb8cc8b8061a479ba0e"
}
