warning: in the working copy of 'audit/DOCUMENTATION_HANDOFF.md', LF will be replaced by CRLF the next time Git touches it
warning: in the working copy of 'audit/FIX_PLAN.md', LF will be replaced by CRLF the next time Git touches it
warning: in the working copy of 'audit/NEXT_SESSION.md', LF will be replaced by CRLF the next time Git touches it
warning: in the working copy of 'audit/PROGRESS.md', LF will be replaced by CRLF the next time Git touches it
warning: in the working copy of 'audit/README.md', LF will be replaced by CRLF the next time Git touches it
warning: in the working copy of 'audit/verify_handoff.py', LF will be replaced by CRLF the next time Git touches it
warning: could not open directory 'pytest-cache-files-kfia75zh/': Permission denied
warning: could not open directory 'pytest-cache-files-t8tahky7/': Permission denied
{
  "start_commit": "d092e8d42f384118c316fb36ecd4b452d7d030ef",
  "local_links_checked": 188,
  "python_files_parsed": 21,
  "library_paths_changed": [
    "causalis/data_contracts/causaldata.py",
    "causalis/data_contracts/iv_causal_data.py",
    "causalis/data_contracts/multicausaldata.py",
    "causalis/data_contracts/panel_data_did.py",
    "causalis/data_contracts/panel_data_scm.py",
    "causalis/dgp/base.py",
    "causalis/dgp/multicausaldata/base.py",
    "causalis/scenarios/multi_unconfoundedness/refutation/unconfoundedness/unconfoundedness_validation.py",
    "causalis/scenarios/unconfoundedness/refutation/unconfoundedness/unconfoundedness_validation.py",
    "causalis/shared/confounders_balance.py",
    "causalis/shared/outcome_outliers.py",
    "causalis/shared/rct_design/split.py"
  ],
  "sensitivity_paths_changed": [],
  "issues": []
}
