F                                                                        [100%]
=================================== FAILURES ===================================
____________ test_post_inference_report_accepts_panel_and_estimate _____________

    def test_post_inference_report_accepts_panel_and_estimate():
        panel, estimate = _estimate()
    
        report = _relaxed_report(panel, estimate)
        cells = did_post_inference_cell_table(estimate)
        influence = did_influence_table(estimate)
        cluster_influence = did_cluster_influence_table(panel, estimate)
    
        assert list(report.columns) == ["test", "flag", "value", "threshold", "message"]
        assert report.loc[0, "test"] == "overall_inference_reliability"
>       assert report.loc[0, "flag"] == "GREEN"
E       AssertionError: assert 'YELLOW' == 'GREEN'
E         
E         - GREEN
E         + YELLOW

tests/scenarios/did/refutation/test_did_post_inference_diagnostics.py:101: AssertionError
=========================== short test summary info ============================
FAILED tests/scenarios/did/refutation/test_did_post_inference_diagnostics.py::test_post_inference_report_accepts_panel_and_estimate
1 failed in 3.89s
